Starting fast parallel voice casing tests...
Testing: "Kore"...
-> Result for "Kore": SUCCESS (length 84480)
Testing: "kore"...
-> Result for "kore": SUCCESS (length 89600)
Testing: "Puck"...
-> Result for "Puck": SUCCESS (length 92160)
Testing: "puck"...
-> Result for "puck": SUCCESS (length 74240)
Testing: "Charon"...
-> Result for "Charon": SUCCESS (length 71680)
Testing: "charon"...
-> Result for "charon": ERROR: {"error":{"code":429,"message":"You exceeded your current quota, please check your plan and billing details. For more information on this error, head to: https://ai.google.dev/gemini-api/docs/rate-limits. To monitor your current usage, head to: https://ai.dev/rate-limit. \n* Quota exceeded for metric: generativelanguage.googleapis.com/generate_content_free_tier_requests, limit: 3, model: gemini-3.1-flash-tts\nPlease retry in 45.381836626s.","status":"RESOURCE_EXHAUSTED","details":[{"@type":"type.googleapis.com/google.rpc.Help","links":[{"description":"Learn more about Gemini API quotas","url":"https://ai.google.dev/gemini-api/docs/rate-limits"}]},{"@type":"type.googleapis.com/google.rpc.QuotaFailure","violations":[{"quotaMetric":"generativelanguage.googleapis.com/generate_content_free_tier_requests","quotaId":"GenerateRequestsPerMinutePerProjectPerModel-FreeTier","quotaDimensions":{"model":"gemini-3.1-flash-tts","location":"global"},"quotaValue":"3"}]},{"@type":"type.googleapis.com/google.rpc.RetryInfo","retryDelay":"45s"}]}}
Testing: "Fenrir"...
-> Result for "Fenrir": ERROR: {"error":{"code":429,"message":"You exceeded your current quota, please check your plan and billing details. For more information on this error, head to: https://ai.google.dev/gemini-api/docs/rate-limits. To monitor your current usage, head to: https://ai.dev/rate-limit. \n* Quota exceeded for metric: generativelanguage.googleapis.com/generate_content_free_tier_requests, limit: 3, model: gemini-3.1-flash-tts\nPlease retry in 45.214870681s.","status":"RESOURCE_EXHAUSTED","details":[{"@type":"type.googleapis.com/google.rpc.Help","links":[{"description":"Learn more about Gemini API quotas","url":"https://ai.google.dev/gemini-api/docs/rate-limits"}]},{"@type":"type.googleapis.com/google.rpc.QuotaFailure","violations":[{"quotaMetric":"generativelanguage.googleapis.com/generate_content_free_tier_requests","quotaId":"GenerateRequestsPerMinutePerProjectPerModel-FreeTier","quotaDimensions":{"model":"gemini-3.1-flash-tts","location":"global"},"quotaValue":"3"}]},{"@type":"type.googleapis.com/google.rpc.RetryInfo","retryDelay":"45s"}]}}
Testing: "fenrir"...
-> Result for "fenrir": ERROR: {"error":{"code":429,"message":"You exceeded your current quota, please check your plan and billing details. For more information on this error, head to: https://ai.google.dev/gemini-api/docs/rate-limits. To monitor your current usage, head to: https://ai.dev/rate-limit. \n* Quota exceeded for metric: generativelanguage.googleapis.com/generate_content_free_tier_requests, limit: 3, model: gemini-3.1-flash-tts\nPlease retry in 45.155116975s.","status":"RESOURCE_EXHAUSTED","details":[{"@type":"type.googleapis.com/google.rpc.Help","links":[{"description":"Learn more about Gemini API quotas","url":"https://ai.google.dev/gemini-api/docs/rate-limits"}]},{"@type":"type.googleapis.com/google.rpc.QuotaFailure","violations":[{"quotaMetric":"generativelanguage.googleapis.com/generate_content_free_tier_requests","quotaId":"GenerateRequestsPerMinutePerProjectPerModel-FreeTier","quotaDimensions":{"location":"global","model":"gemini-3.1-flash-tts"},"quotaValue":"3"}]},{"@type":"type.googleapis.com/google.rpc.RetryInfo","retryDelay":"45s"}]}}
Testing: "Zephyr"...
-> Result for "Zephyr": ERROR: {"error":{"code":429,"message":"You exceeded your current quota, please check your plan and billing details. For more information on this error, head to: https://ai.google.dev/gemini-api/docs/rate-limits. To monitor your current usage, head to: https://ai.dev/rate-limit. \n* Quota exceeded for metric: generativelanguage.googleapis.com/generate_content_free_tier_requests, limit: 3, model: gemini-3.1-flash-tts\nPlease retry in 44.990702435s.","status":"RESOURCE_EXHAUSTED","details":[{"@type":"type.googleapis.com/google.rpc.Help","links":[{"description":"Learn more about Gemini API quotas","url":"https://ai.google.dev/gemini-api/docs/rate-limits"}]},{"@type":"type.googleapis.com/google.rpc.QuotaFailure","violations":[{"quotaMetric":"generativelanguage.googleapis.com/generate_content_free_tier_requests","quotaId":"GenerateRequestsPerMinutePerProjectPerModel-FreeTier","quotaDimensions":{"location":"global","model":"gemini-3.1-flash-tts"},"quotaValue":"3"}]},{"@type":"type.googleapis.com/google.rpc.RetryInfo","retryDelay":"44s"}]}}
Testing: "zephyr"...
-> Result for "zephyr": ERROR: {"error":{"code":429,"message":"You exceeded your current quota, please check your plan and billing details. For more information on this error, head to: https://ai.google.dev/gemini-api/docs/rate-limits. To monitor your current usage, head to: https://ai.dev/rate-limit. \n* Quota exceeded for metric: generativelanguage.googleapis.com/generate_content_free_tier_requests, limit: 3, model: gemini-3.1-flash-tts\nPlease retry in 44.923646358s.","status":"RESOURCE_EXHAUSTED","details":[{"@type":"type.googleapis.com/google.rpc.Help","links":[{"description":"Learn more about Gemini API quotas","url":"https://ai.google.dev/gemini-api/docs/rate-limits"}]},{"@type":"type.googleapis.com/google.rpc.QuotaFailure","violations":[{"quotaMetric":"generativelanguage.googleapis.com/generate_content_free_tier_requests","quotaId":"GenerateRequestsPerMinutePerProjectPerModel-FreeTier","quotaDimensions":{"location":"global","model":"gemini-3.1-flash-tts"},"quotaValue":"3"}]},{"@type":"type.googleapis.com/google.rpc.RetryInfo","retryDelay":"44s"}]}}
Done testing.
